Archive member included to satisfy reference by file (symbol)

c:/st/stm32cubeide_1.12.1/stm32cubeide/plugins/com.st.stm32cube.ide.mcu.externaltools.gnu-tools-for-stm32.10.3-2021.10.win32_1.0.200.202301161003/tools/bin/../lib/gcc/arm-none-eabi/10.3.1/../../../../arm-none-eabi/lib/thumb/v7-m/nofp\libc_nano.a(lib_a-errno.o)
                              ./Core/Src/syscalls.o (__errno)
c:/st/stm32cubeide_1.12.1/stm32cubeide/plugins/com.st.stm32cube.ide.mcu.externaltools.gnu-tools-for-stm32.10.3-2021.10.win32_1.0.200.202301161003/tools/bin/../lib/gcc/arm-none-eabi/10.3.1/../../../../arm-none-eabi/lib/thumb/v7-m/nofp\libc_nano.a(lib_a-exit.o)
                              c:/st/stm32cubeide_1.12.1/stm32cubeide/plugins/com.st.stm32cube.ide.mcu.externaltools.gnu-tools-for-stm32.10.3-2021.10.win32_1.0.200.202301161003/tools/bin/../lib/gcc/arm-none-eabi/10.3.1/../../../../arm-none-eabi/lib/thumb/v7-m/nofp/crt0.o (exit)
c:/st/stm32cubeide_1.12.1/stm32cubeide/plugins/com.st.stm32cube.ide.mcu.externaltools.gnu-tools-for-stm32.10.3-2021.10.win32_1.0.200.202301161003/tools/bin/../lib/gcc/arm-none-eabi/10.3.1/../../../../arm-none-eabi/lib/thumb/v7-m/nofp\libc_nano.a(lib_a-impure.o)
                              c:/st/stm32cubeide_1.12.1/stm32cubeide/plugins/com.st.stm32cube.ide.mcu.externaltools.gnu-tools-for-stm32.10.3-2021.10.win32_1.0.200.202301161003/tools/bin/../lib/gcc/arm-none-eabi/10.3.1/../../../../arm-none-eabi/lib/thumb/v7-m/nofp\libc_nano.a(lib_a-exit.o) (_global_impure_ptr)
c:/st/stm32cubeide_1.12.1/stm32cubeide/plugins/com.st.stm32cube.ide.mcu.externaltools.gnu-tools-for-stm32.10.3-2021.10.win32_1.0.200.202301161003/tools/bin/../lib/gcc/arm-none-eabi/10.3.1/../../../../arm-none-eabi/lib/thumb/v7-m/nofp\libc_nano.a(lib_a-init.o)
                              c:/st/stm32cubeide_1.12.1/stm32cubeide/plugins/com.st.stm32cube.ide.mcu.externaltools.gnu-tools-for-stm32.10.3-2021.10.win32_1.0.200.202301161003/tools/bin/../lib/gcc/arm-none-eabi/10.3.1/../../../../arm-none-eabi/lib/thumb/v7-m/nofp/crt0.o (__libc_init_array)
c:/st/stm32cubeide_1.12.1/stm32cubeide/plugins/com.st.stm32cube.ide.mcu.externaltools.gnu-tools-for-stm32.10.3-2021.10.win32_1.0.200.202301161003/tools/bin/../lib/gcc/arm-none-eabi/10.3.1/../../../../arm-none-eabi/lib/thumb/v7-m/nofp\libc_nano.a(lib_a-memset.o)
                              c:/st/stm32cubeide_1.12.1/stm32cubeide/plugins/com.st.stm32cube.ide.mcu.externaltools.gnu-tools-for-stm32.10.3-2021.10.win32_1.0.200.202301161003/tools/bin/../lib/gcc/arm-none-eabi/10.3.1/../../../../arm-none-eabi/lib/thumb/v7-m/nofp/crt0.o (memset)

Discarded input sections

 .text          0x0000000000000000        0x0 c:/st/stm32cubeide_1.12.1/stm32cubeide/plugins/com.st.stm32cube.ide.mcu.externaltools.gnu-tools-for-stm32.10.3-2021.10.win32_1.0.200.202301161003/tools/bin/../lib/gcc/arm-none-eabi/10.3.1/thumb/v7-m/nofp/crti.o
 .data          0x0000000000000000        0x0 c:/st/stm32cubeide_1.12.1/stm32cubeide/plugins/com.st.stm32cube.ide.mcu.externaltools.gnu-tools-for-stm32.10.3-2021.10.win32_1.0.200.202301161003/tools/bin/../lib/gcc/arm-none-eabi/10.3.1/thumb/v7-m/nofp/crti.o
 .bss           0x0000000000000000        0x0 c:/st/stm32cubeide_1.12.1/stm32cubeide/plugins/com.st.stm32cube.ide.mcu.externaltools.gnu-tools-for-stm32.10.3-2021.10.win32_1.0.200.202301161003/tools/bin/../lib/gcc/arm-none-eabi/10.3.1/thumb/v7-m/nofp/crti.o
 .data          0x0000000000000000        0x4 c:/st/stm32cubeide_1.12.1/stm32cubeide/plugins/com.st.stm32cube.ide.mcu.externaltools.gnu-tools-for-stm32.10.3-2021.10.win32_1.0.200.202301161003/tools/bin/../lib/gcc/arm-none-eabi/10.3.1/thumb/v7-m/nofp/crtbegin.o
 .rodata        0x0000000000000000       0x24 c:/st/stm32cubeide_1.12.1/stm32cubeide/plugins/com.st.stm32cube.ide.mcu.externaltools.gnu-tools-for-stm32.10.3-2021.10.win32_1.0.200.202301161003/tools/bin/../lib/gcc/arm-none-eabi/10.3.1/thumb/v7-m/nofp/crtbegin.o
 .text          0x0000000000000000       0x7c c:/st/stm32cubeide_1.12.1/stm32cubeide/plugins/com.st.stm32cube.ide.mcu.externaltools.gnu-tools-for-stm32.10.3-2021.10.win32_1.0.200.202301161003/tools/bin/../lib/gcc/arm-none-eabi/10.3.1/../../../../arm-none-eabi/lib/thumb/v7-m/nofp/crt0.o
 .data          0x0000000000000000        0x0 c:/st/stm32cubeide_1.12.1/stm32cubeide/plugins/com.st.stm32cube.ide.mcu.externaltools.gnu-tools-for-stm32.10.3-2021.10.win32_1.0.200.202301161003/tools/bin/../lib/gcc/arm-none-eabi/10.3.1/../../../../arm-none-eabi/lib/thumb/v7-m/nofp/crt0.o
 .bss           0x0000000000000000        0x0 c:/st/stm32cubeide_1.12.1/stm32cubeide/plugins/com.st.stm32cube.ide.mcu.externaltools.gnu-tools-for-stm32.10.3-2021.10.win32_1.0.200.202301161003/tools/bin/../lib/gcc/arm-none-eabi/10.3.1/../../../../arm-none-eabi/lib/thumb/v7-m/nofp/crt0.o
[...]
Memory Configuration

Name             Origin             Length             Attributes
RAM              0x0000000020000000 0x0000000000005000 xrw
FLASH            0x0000000008000000 0x0000000000010000 xr
*default*        0x0000000000000000 0xffffffffffffffff

Linker script and memory map

LOAD c:/st/stm32cubeide_1.12.1/stm32cubeide/plugins/com.st.stm32cube.ide.mcu.externaltools.gnu-tools-for-stm32.10.3-2021.10.win32_1.0.200.202301161003/tools/bin/../lib/gcc/arm-none-eabi/10.3.1/thumb/v7-m/nofp/crti.o
LOAD c:/st/stm32cubeide_1.12.1/stm32cubeide/plugins/com.st.stm32cube.ide.mcu.externaltools.gnu-tools-for-stm32.10.3-2021.10.win32_1.0.200.202301161003/tools/bin/../lib/gcc/arm-none-eabi/10.3.1/thumb/v7-m/nofp/crtbegin.o
LOAD c:/st/stm32cubeide_1.12.1/stm32cubeide/plugins/com.st.stm32cube.ide.mcu.externaltools.gnu-tools-for-stm32.10.3-2021.10.win32_1.0.200.202301161003/tools/bin/../lib/gcc/arm-none-eabi/10.3.1/../../../../arm-none-eabi/lib/thumb/v7-m/nofp/crt0.o
LOAD ./Core/Src/main.o
LOAD ./Core/Src/stm32f1xx_it.o
LOAD ./Core/Src/syscalls.o
LOAD ./Core/Src/sysmem.o
LOAD ./Core/Src/system_stm32f1xx.o
LOAD ./Core/Startup/startup_stm32f103c8tx.o
LOAD ./Drivers/STM32F1xx_HAL_Driver/Src/stm32f1xx_ll_exti.o
LOAD ./Drivers/STM32F1xx_HAL_Driver/Src/stm32f1xx_ll_gpio.o
LOAD ./Drivers/STM32F1xx_HAL_Driver/Src/stm32f1xx_ll_pwr.o
LOAD ./Drivers/STM32F1xx_HAL_Driver/Src/stm32f1xx_ll_rcc.o
LOAD ./Drivers/STM32F1xx_HAL_Driver/Src/stm32f1xx_ll_utils.o
LOAD ./module_led/led_module.o
START GROUP
LOAD c:/st/stm32cubeide_1.12.1/stm32cubeide/plugins/com.st.stm32cube.ide.mcu.externaltools.gnu-tools-for-stm32.10.3-2021.10.win32_1.0.200.202301161003/tools/bin/../lib/gcc/arm-none-eabi/10.3.1/../../../../arm-none-eabi/lib/thumb/v7-m/nofp\libc_nano.a
LOAD c:/st/stm32cubeide_1.12.1/stm32cubeide/plugins/com.st.stm32cube.ide.mcu.externaltools.gnu-tools-for-stm32.10.3-2021.10.win32_1.0.200.202301161003/tools/bin/../lib/gcc/arm-none-eabi/10.3.1/../../../../arm-none-eabi/lib/thumb/v7-m/nofp\libm.a
END GROUP
START GROUP
LOAD c:/st/stm32cubeide_1.12.1/stm32cubeide/plugins/com.st.stm32cube.ide.mcu.externaltools.gnu-tools-for-stm32.10.3-2021.10.win32_1.0.200.202301161003/tools/bin/../lib/gcc/arm-none-eabi/10.3.1/thumb/v7-m/nofp\libgcc.a
LOAD c:/st/stm32cubeide_1.12.1/stm32cubeide/plugins/com.st.stm32cube.ide.mcu.externaltools.gnu-tools-for-stm32.10.3-2021.10.win32_1.0.200.202301161003/tools/bin/../lib/gcc/arm-none-eabi/10.3.1/../../../../arm-none-eabi/lib/thumb/v7-m/nofp\libc_nano.a
END GROUP
START GROUP
LOAD c:/st/stm32cubeide_1.12.1/stm32cubeide/plugins/com.st.stm32cube.ide.mcu.externaltools.gnu-tools-for-stm32.10.3-2021.10.win32_1.0.200.202301161003/tools/bin/../lib/gcc/arm-none-eabi/10.3.1/thumb/v7-m/nofp\libgcc.a
LOAD c:/st/stm32cubeide_1.12.1/stm32cubeide/plugins/com.st.stm32cube.ide.mcu.externaltools.gnu-tools-for-stm32.10.3-2021.10.win32_1.0.200.202301161003/tools/bin/../lib/gcc/arm-none-eabi/10.3.1/../../../../arm-none-eabi/lib/thumb/v7-m/nofp\libc_nano.a
LOAD c:/st/stm32cubeide_1.12.1/stm32cubeide/plugins/com.st.stm32cube.ide.mcu.externaltools.gnu-tools-for-stm32.10.3-2021.10.win32_1.0.200.202301161003/tools/bin/../lib/gcc/arm-none-eabi/10.3.1/../../../../arm-none-eabi/lib/thumb/v7-m/nofp\libnosys.a
END GROUP
START GROUP
LOAD c:/st/stm32cubeide_1.12.1/stm32cubeide/plugins/com.st.stm32cube.ide.mcu.externaltools.gnu-tools-for-stm32.10.3-2021.10.win32_1.0.200.202301161003/tools/bin/../lib/gcc/arm-none-eabi/10.3.1/thumb/v7-m/nofp\libgcc.a
LOAD c:/st/stm32cubeide_1.12.1/stm32cubeide/plugins/com.st.stm32cube.ide.mcu.externaltools.gnu-tools-for-stm32.10.3-2021.10.win32_1.0.200.202301161003/tools/bin/../lib/gcc/arm-none-eabi/10.3.1/../../../../arm-none-eabi/lib/thumb/v7-m/nofp\libc_nano.a
LOAD c:/st/stm32cubeide_1.12.1/stm32cubeide/plugins/com.st.stm32cube.ide.mcu.externaltools.gnu-tools-for-stm32.10.3-2021.10.win32_1.0.200.202301161003/tools/bin/../lib/gcc/arm-none-eabi/10.3.1/../../../../arm-none-eabi/lib/thumb/v7-m/nofp\libnosys.a
END GROUP
LOAD c:/st/stm32cubeide_1.12.1/stm32cubeide/plugins/com.st.stm32cube.ide.mcu.externaltools.gnu-tools-for-stm32.10.3-2021.10.win32_1.0.200.202301161003/tools/bin/../lib/gcc/arm-none-eabi/10.3.1/thumb/v7-m/nofp/crtend.o
LOAD c:/st/stm32cubeide_1.12.1/stm32cubeide/plugins/com.st.stm32cube.ide.mcu.externaltools.gnu-tools-for-stm32.10.3-2021.10.win32_1.0.200.202301161003/tools/bin/../lib/gcc/arm-none-eabi/10.3.1/thumb/v7-m/nofp/crtn.o
                0x0000000020005000                _estack = (ORIGIN (RAM) + LENGTH (RAM))
                0x0000000000000200                _Min_Heap_Size = 0x200
                0x0000000000000400                _Min_Stack_Size = 0x400

.isr_vector     0x0000000008000000      0x10c
                0x0000000008000000                . = ALIGN (0x4)
 *(.isr_vector)
 .isr_vector    0x0000000008000000      0x10c ./Core/Startup/startup_stm32f103c8tx.o
                0x0000000008000000                g_pfnVectors
                0x000000000800010c                . = ALIGN (0x4)

.text           0x000000000800010c      0xab4
                0x000000000800010c                . = ALIGN (0x4)
 *(.text)
 .text          0x000000000800010c       0x40 c:/st/stm32cubeide_1.12.1/stm32cubeide/plugins/com.st.stm32cube.ide.mcu.externaltools.gnu-tools-for-stm32.10.3-2021.10.win32_1.0.200.202301161003/tools/bin/../lib/gcc/arm-none-eabi/10.3.1/thumb/v7-m/nofp/crtbegin.o
 *(.text*)
 .text.__NVIC_SetPriorityGrouping
                0x000000000800014c       0x48 ./Core/Src/main.o
 .text.__NVIC_GetPriorityGrouping
                0x0000000008000194       0x1c ./Core/Src/main.o
 .text.__NVIC_SetPriority
                0x00000000080001b0       0x54 ./Core/Src/main.o
 .text.NVIC_EncodePriority
                0x0000000008000204       0x64 ./Core/Src/main.o
 .text.LL_RCC_HSE_Enable
                0x0000000008000268       0x1c ./Core/Src/main.o
 .text.LL_RCC_HSE_IsReady
                0x0000000008000284       0x24 ./Core/Src/main.o
 .text.LL_RCC_SetSysClkSource
                0x00000000080002a8       0x28 ./Core/Src/main.o
 .text.LL_RCC_GetSysClkSource
                0x00000000080002d0       0x18 ./Core/Src/main.o
 .text.LL_RCC_SetAHBPrescaler
                0x00000000080002e8       0x28 ./Core/Src/main.o
 .text.LL_RCC_SetAPB1Prescaler
                0x0000000008000310       0x28 ./Core/Src/main.o
 .text.LL_RCC_SetAPB2Prescaler
                0x0000000008000338       0x28 ./Core/Src/main.o
 .text.LL_RCC_PLL_Enable
                0x0000000008000360       0x1c ./Core/Src/main.o
 .text.LL_RCC_PLL_IsReady
                0x000000000800037c       0x24 ./Core/Src/main.o
 .text.LL_RCC_PLL_ConfigDomain_SYS
                0x00000000080003a0       0x30 ./Core/Src/main.o
 .text.LL_APB1_GRP1_EnableClock
                0x00000000080003d0       0x30 ./Core/Src/main.o
 .text.LL_APB2_GRP1_EnableClock
                0x0000000008000400       0x30 ./Core/Src/main.o
 .text.LL_FLASH_SetLatency
                0x0000000008000430       0x28 ./Core/Src/main.o
 .text.LL_FLASH_GetLatency
                0x0000000008000458       0x18 ./Core/Src/main.o
 .text.LL_GPIO_ResetOutputPin
                0x0000000008000470       0x1e ./Core/Src/main.o
 .text.main     0x000000000800048e       0x4a ./Core/Src/main.o
                0x000000000800048e                main
 .text.SystemClock_Config
                0x00000000080004d8       0x7c ./Core/Src/main.o
                0x00000000080004d8                SystemClock_Config
 .text.MX_GPIO_Init
                0x0000000008000554       0x88 ./Core/Src/main.o
 .text.NMI_Handler
                0x00000000080005dc        0x6 ./Core/Src/stm32f1xx_it.o
                0x00000000080005dc                NMI_Handler
 .text.HardFault_Handler
                0x00000000080005e2        0x6 ./Core/Src/stm32f1xx_it.o
                0x00000000080005e2                HardFault_Handler
 .text.MemManage_Handler
                0x00000000080005e8        0x6 ./Core/Src/stm32f1xx_it.o
                0x00000000080005e8                MemManage_Handler
 .text.BusFault_Handler
                0x00000000080005ee        0x6 ./Core/Src/stm32f1xx_it.o
                0x00000000080005ee                BusFault_Handler
 .text.UsageFault_Handler
                0x00000000080005f4        0x6 ./Core/Src/stm32f1xx_it.o
                0x00000000080005f4                UsageFault_Handler
 .text.SVC_Handler
                0x00000000080005fa        0xc ./Core/Src/stm32f1xx_it.o
                0x00000000080005fa                SVC_Handler
 .text.DebugMon_Handler
                0x0000000008000606        0xc ./Core/Src/stm32f1xx_it.o
                0x0000000008000606                DebugMon_Handler
 .text.PendSV_Handler
                0x0000000008000612        0xc ./Core/Src/stm32f1xx_it.o
                0x0000000008000612                PendSV_Handler
 .text.SysTick_Handler
                0x000000000800061e        0xc ./Core/Src/stm32f1xx_it.o
                0x000000000800061e                SysTick_Handler
 .text.SystemInit
                0x000000000800062a        0xc ./Core/Src/system_stm32f1xx.o
                0x000000000800062a                SystemInit
 *fill*         0x0000000008000636        0x2 
 .text.Reset_Handler
                0x0000000008000638       0x48 ./Core/Startup/startup_stm32f103c8tx.o
                0x0000000008000638                Reset_Handler
 .text.Default_Handler
                0x0000000008000680        0x2 ./Core/Startup/startup_stm32f103c8tx.o
                0x0000000008000680                RTC_Alarm_IRQHandler
                0x0000000008000680                EXTI2_IRQHandler
                0x0000000008000680                TIM1_CC_IRQHandler
                0x0000000008000680                PVD_IRQHandler
                0x0000000008000680                EXTI3_IRQHandler
                0x0000000008000680                EXTI0_IRQHandler
                0x0000000008000680                I2C2_EV_IRQHandler
                0x0000000008000680                ADC1_2_IRQHandler
                0x0000000008000680                SPI1_IRQHandler
                0x0000000008000680                TAMPER_IRQHandler
                0x0000000008000680                DMA1_Channel4_IRQHandler
                0x0000000008000680                USART3_IRQHandler
                0x0000000008000680                RTC_IRQHandler
                0x0000000008000680                DMA1_Channel7_IRQHandler
                0x0000000008000680                CAN1_RX1_IRQHandler
                0x0000000008000680                TIM4_IRQHandler
                0x0000000008000680                I2C1_EV_IRQHandler
                0x0000000008000680                DMA1_Channel6_IRQHandler
                0x0000000008000680                TIM3_IRQHandler
                0x0000000008000680                RCC_IRQHandler
                0x0000000008000680                TIM1_TRG_COM_IRQHandler
                0x0000000008000680                DMA1_Channel1_IRQHandler
                0x0000000008000680                Default_Handler
                0x0000000008000680                EXTI15_10_IRQHandler
                0x0000000008000680                EXTI9_5_IRQHandler
                0x0000000008000680                SPI2_IRQHandler
                0x0000000008000680                DMA1_Channel5_IRQHandler
                0x0000000008000680                EXTI4_IRQHandler
                0x0000000008000680                USB_LP_CAN1_RX0_IRQHandler
                0x0000000008000680                USB_HP_CAN1_TX_IRQHandler
                0x0000000008000680                DMA1_Channel3_IRQHandler
                0x0000000008000680                TIM1_UP_IRQHandler
                0x0000000008000680                WWDG_IRQHandler
                0x0000000008000680                TIM2_IRQHandler
                0x0000000008000680                TIM1_BRK_IRQHandler
                0x0000000008000680                EXTI1_IRQHandler
                0x0000000008000680                USART2_IRQHandler
                0x0000000008000680                I2C2_ER_IRQHandler
                0x0000000008000680                DMA1_Channel2_IRQHandler
                0x0000000008000680                CAN1_SCE_IRQHandler
                0x0000000008000680                FLASH_IRQHandler
                0x0000000008000680                USART1_IRQHandler
                0x0000000008000680                I2C1_ER_IRQHandler
                0x0000000008000680                USBWakeUp_IRQHandler
 .text.LL_GPIO_SetPinMode
                0x0000000008000682       0x64 ./Drivers/STM32F1xx_HAL_Driver/Src/stm32f1xx_ll_gpio.o
 .text.LL_GPIO_SetPinSpeed
                0x00000000080006e6       0x64 ./Drivers/STM32F1xx_HAL_Driver/Src/stm32f1xx_ll_gpio.o
 .text.LL_GPIO_SetPinOutputType
                0x000000000800074a       0x64 ./Drivers/STM32F1xx_HAL_Driver/Src/stm32f1xx_ll_gpio.o
 .text.LL_GPIO_SetPinPull
                0x00000000080007ae       0x44 ./Drivers/STM32F1xx_HAL_Driver/Src/stm32f1xx_ll_gpio.o
 .text.LL_GPIO_Init
                0x00000000080007f2       0xcc ./Drivers/STM32F1xx_HAL_Driver/Src/stm32f1xx_ll_gpio.o
                0x00000000080007f2                LL_GPIO_Init
 *fill*         0x00000000080008be        0x2 
 .text.LL_InitTick
                0x00000000080008c0       0x34 ./Drivers/STM32F1xx_HAL_Driver/Src/stm32f1xx_ll_utils.o
 .text.LL_Init1msTick
                0x00000000080008f4       0x1a ./Drivers/STM32F1xx_HAL_Driver/Src/stm32f1xx_ll_utils.o
                0x00000000080008f4                LL_Init1msTick
 *fill*         0x000000000800090e        0x2 
 .text.LL_SetSystemCoreClock
                0x0000000008000910       0x1c ./Drivers/STM32F1xx_HAL_Driver/Src/stm32f1xx_ll_utils.o
                0x0000000008000910                LL_SetSystemCoreClock
 .text.init_State
                0x000000000800092c       0x18 ./module_led/led_module.o
                0x000000000800092c                init_State
 .text.state_Machine_Update
                0x0000000008000944      0x1d4 ./module_led/led_module.o
                0x0000000008000944                state_Machine_Update
 .text.LED_Ctrl
                0x0000000008000b18       0x38 ./module_led/led_module.o
                0x0000000008000b18                LED_Ctrl
 .text.LED_Ctrl_Init
                0x0000000008000b50        0xe ./module_led/led_module.o
                0x0000000008000b50                LED_Ctrl_Init
 *fill*         0x0000000008000b5e        0x2 
 .text.__libc_init_array
                0x0000000008000b60       0x48 c:/st/stm32cubeide_1.12.1/stm32cubeide/plugins/com.st.stm32cube.ide.mcu.externaltools.gnu-tools-for-stm32.10.3-2021.10.win32_1.0.200.202301161003/tools/bin/../lib/gcc/arm-none-eabi/10.3.1/../../../../arm-none-eabi/lib/thumb/v7-m/nofp\libc_nano.a(lib_a-init.o)
                0x0000000008000b60                __libc_init_array
 *(.glue_7)
 .glue_7        0x0000000008000ba8        0x0 linker stubs
 *(.glue_7t)
 .glue_7t       0x0000000008000ba8        0x0 linker stubs
 *(.eh_frame)
 .eh_frame      0x0000000008000ba8        0x0 c:/st/stm32cubeide_1.12.1/stm32cubeide/plugins/com.st.stm32cube.ide.mcu.externaltools.gnu-tools-for-stm32.10.3-2021.10.win32_1.0.200.202301161003/tools/bin/../lib/gcc/arm-none-eabi/10.3.1/thumb/v7-m/nofp/crtbegin.o
 *(.init)
 .init          0x0000000008000ba8        0x4 c:/st/stm32cubeide_1.12.1/stm32cubeide/plugins/com.st.stm32cube.ide.mcu.externaltools.gnu-tools-for-stm32.10.3-2021.10.win32_1.0.200.202301161003/tools/bin/../lib/gcc/arm-none-eabi/10.3.1/thumb/v7-m/nofp/crti.o
                0x0000000008000ba8                _init
 .init          0x0000000008000bac        0x8 c:/st/stm32cubeide_1.12.1/stm32cubeide/plugins/com.st.stm32cube.ide.mcu.externaltools.gnu-tools-for-stm32.10.3-2021.10.win32_1.0.200.202301161003/tools/bin/../lib/gcc/arm-none-eabi/10.3.1/thumb/v7-m/nofp/crtn.o
 *(.fini)
 .fini          0x0000000008000bb4        0x4 c:/st/stm32cubeide_1.12.1/stm32cubeide/plugins/com.st.stm32cube.ide.mcu.externaltools.gnu-tools-for-stm32.10.3-2021.10.win32_1.0.200.202301161003/tools/bin/../lib/gcc/arm-none-eabi/10.3.1/thumb/v7-m/nofp/crti.o
                0x0000000008000bb4                _fini
 .fini          0x0000000008000bb8        0x8 c:/st/stm32cubeide_1.12.1/stm32cubeide/plugins/com.st.stm32cube.ide.mcu.externaltools.gnu-tools-for-stm32.10.3-2021.10.win32_1.0.200.202301161003/tools/bin/../lib/gcc/arm-none-eabi/10.3.1/thumb/v7-m/nofp/crtn.o
                0x0000000008000bc0                . = ALIGN (0x4)
                0x0000000008000bc0                _etext = .

.vfp11_veneer   0x0000000008000bc0        0x0
 .vfp11_veneer  0x0000000008000bc0        0x0 linker stubs

.v4_bx          0x0000000008000bc0        0x0
 .v4_bx         0x0000000008000bc0        0x0 linker stubs

.iplt           0x0000000008000bc0        0x0
 .iplt          0x0000000008000bc0        0x0 c:/st/stm32cubeide_1.12.1/stm32cubeide/plugins/com.st.stm32cube.ide.mcu.externaltools.gnu-tools-for-stm32.10.3-2021.10.win32_1.0.200.202301161003/tools/bin/../lib/gcc/arm-none-eabi/10.3.1/thumb/v7-m/nofp/crtbegin.o

.rel.dyn        0x0000000008000bc0        0x0
 .rel.iplt      0x0000000008000bc0        0x0 c:/st/stm32cubeide_1.12.1/stm32cubeide/plugins/com.st.stm32cube.ide.mcu.externaltools.gnu-tools-for-stm32.10.3-2021.10.win32_1.0.200.202301161003/tools/bin/../lib/gcc/arm-none-eabi/10.3.1/thumb/v7-m/nofp/crtbegin.o

.rodata         0x0000000008000bc0        0x0
                0x0000000008000bc0                . = ALIGN (0x4)
 *(.rodata)
 *(.rodata*)
                0x0000000008000bc0                . = ALIGN (0x4)

.ARM.extab      0x0000000008000bc0        0x0
                0x0000000008000bc0                . = ALIGN (0x4)
 *(.ARM.extab* .gnu.linkonce.armextab.*)
                0x0000000008000bc0                . = ALIGN (0x4)

.ARM            0x0000000008000bc0        0x0
                0x0000000008000bc0                . = ALIGN (0x4)
                0x0000000008000bc0                __exidx_start = .
 *(.ARM.exidx*)
                0x0000000008000bc0                __exidx_end = .
                0x0000000008000bc0                . = ALIGN (0x4)

.preinit_array  0x0000000008000bc0        0x0
                0x0000000008000bc0                . = ALIGN (0x4)
                0x0000000008000bc0                PROVIDE (__preinit_array_start = .)
 *(.preinit_array*)
                0x0000000008000bc0                PROVIDE (__preinit_array_end = .)
                0x0000000008000bc0                . = ALIGN (0x4)

.init_array     0x0000000008000bc0        0x4
                0x0000000008000bc0                . = ALIGN (0x4)
                0x0000000008000bc0                PROVIDE (__init_array_start = .)
 *(SORT_BY_NAME(.init_array.*))
 *(.init_array*)
 .init_array    0x0000000008000bc0        0x4 c:/st/stm32cubeide_1.12.1/stm32cubeide/plugins/com.st.stm32cube.ide.mcu.externaltools.gnu-tools-for-stm32.10.3-2021.10.win32_1.0.200.202301161003/tools/bin/../lib/gcc/arm-none-eabi/10.3.1/thumb/v7-m/nofp/crtbegin.o
                0x0000000008000bc4                PROVIDE (__init_array_end = .)
                0x0000000008000bc4                . = ALIGN (0x4)

.fini_array     0x0000000008000bc4        0x4
                0x0000000008000bc4                . = ALIGN (0x4)
                [!provide]                        PROVIDE (__fini_array_start = .)
 *(SORT_BY_NAME(.fini_array.*))
 *(.fini_array*)
 .fini_array    0x0000000008000bc4        0x4 c:/st/stm32cubeide_1.12.1/stm32cubeide/plugins/com.st.stm32cube.ide.mcu.externaltools.gnu-tools-for-stm32.10.3-2021.10.win32_1.0.200.202301161003/tools/bin/../lib/gcc/arm-none-eabi/10.3.1/thumb/v7-m/nofp/crtbegin.o
                [!provide]                        PROVIDE (__fini_array_end = .)
                0x0000000008000bc8                . = ALIGN (0x4)
                0x0000000008000bc8                _sidata = LOADADDR (.data)

.data           0x0000000020000000        0x4 load address 0x0000000008000bc8
                0x0000000020000000                . = ALIGN (0x4)
                0x0000000020000000                _sdata = .
 *(.data)
 *(.data*)
 .data.SystemCoreClock
                0x0000000020000000        0x4 ./Core/Src/system_stm32f1xx.o
                0x0000000020000000                SystemCoreClock
 *(.RamFunc)
 *(.RamFunc*)
                0x0000000020000004                . = ALIGN (0x4)
                0x0000000020000004                _edata = .

.igot.plt       0x0000000020000004        0x0 load address 0x0000000008000bcc
 .igot.plt      0x0000000020000004        0x0 c:/st/stm32cubeide_1.12.1/stm32cubeide/plugins/com.st.stm32cube.ide.mcu.externaltools.gnu-tools-for-stm32.10.3-2021.10.win32_1.0.200.202301161003/tools/bin/../lib/gcc/arm-none-eabi/10.3.1/thumb/v7-m/nofp/crtbegin.o
                0x0000000020000004                . = ALIGN (0x4)

.bss            0x0000000020000004       0x20 load address 0x0000000008000bcc
                0x0000000020000004                _sbss = .
                0x0000000020000004                __bss_start__ = _sbss
 *(.bss)
 .bss           0x0000000020000004       0x1c c:/st/stm32cubeide_1.12.1/stm32cubeide/plugins/com.st.stm32cube.ide.mcu.externaltools.gnu-tools-for-stm32.10.3-2021.10.win32_1.0.200.202301161003/tools/bin/../lib/gcc/arm-none-eabi/10.3.1/thumb/v7-m/nofp/crtbegin.o
 *(.bss*)
 .bss.State     0x0000000020000020        0x1 ./module_led/led_module.o
 *(COMMON)
                0x0000000020000024                . = ALIGN (0x4)
 *fill*         0x0000000020000021        0x3 
                0x0000000020000024                _ebss = .
                0x0000000020000024                __bss_end__ = _ebss

._user_heap_stack
                0x0000000020000024      0x604 load address 0x0000000008000bcc
                0x0000000020000028                . = ALIGN (0x8)
 *fill*         0x0000000020000024        0x4 
                [!provide]                        PROVIDE (end = .)
                0x0000000020000028                PROVIDE (_end = .)
                0x0000000020000228                . = (. + _Min_Heap_Size)
 *fill*         0x0000000020000028      0x200 
                0x0000000020000628                . = (. + _Min_Stack_Size)
 *fill*         0x0000000020000228      0x400 
                0x0000000020000628                . = ALIGN (0x8)

/DISCARD/
 libc.a(*)
 libm.a(*)
 libgcc.a(*)

.ARM.attributes
                0x0000000000000000       0x29
 *(.ARM.attributes)
 .ARM.attributes
                0x0000000000000000       0x1d c:/st/stm32cubeide_1.12.1/stm32cubeide/plugins/com.st.stm32cube.ide.mcu.externaltools.gnu-tools-for-stm32.10.3-2021.10.win32_1.0.200.202301161003/tools/bin/../lib/gcc/arm-none-eabi/10.3.1/thumb/v7-m/nofp/crti.o
 .ARM.attributes
                0x000000000000001d       0x2d c:/st/stm32cubeide_1.12.1/stm32cubeide/plugins/com.st.stm32cube.ide.mcu.externaltools.gnu-tools-for-stm32.10.3-2021.10.win32_1.0.200.202301161003/tools/bin/../lib/gcc/arm-none-eabi/10.3.1/thumb/v7-m/nofp/crtbegin.o
 .ARM.attributes
                0x000000000000004a       0x2d ./Core/Src/main.o
 .ARM.attributes
                0x0000000000000077       0x2d ./Core/Src/stm32f1xx_it.o
 .ARM.attributes
                0x00000000000000a4       0x2d ./Core/Src/system_stm32f1xx.o
 .ARM.attributes
                0x00000000000000d1       0x21 ./Core/Startup/startup_stm32f103c8tx.o
 .ARM.attributes
                0x00000000000000f2       0x2d ./Drivers/STM32F1xx_HAL_Driver/Src/stm32f1xx_ll_gpio.o
 .ARM.attributes
                0x000000000000011f       0x2d ./Drivers/STM32F1xx_HAL_Driver/Src/stm32f1xx_ll_utils.o
 .ARM.attributes
                0x000000000000014c       0x2d ./module_led/led_module.o
 .ARM.attributes
                0x0000000000000179       0x2d c:/st/stm32cubeide_1.12.1/stm32cubeide/plugins/com.st.stm32cube.ide.mcu.externaltools.gnu-tools-for-stm32.10.3-2021.10.win32_1.0.200.202301161003/tools/bin/../lib/gcc/arm-none-eabi/10.3.1/../../../../arm-none-eabi/lib/thumb/v7-m/nofp\libc_nano.a(lib_a-init.o)
 .ARM.attributes
                0x00000000000001a6       0x1d c:/st/stm32cubeide_1.12.1/stm32cubeide/plugins/com.st.stm32cube.ide.mcu.externaltools.gnu-tools-for-stm32.10.3-2021.10.win32_1.0.200.202301161003/tools/bin/../lib/gcc/arm-none-eabi/10.3.1/thumb/v7-m/nofp/crtn.o
OUTPUT(tuan7_lthtn.elf elf32-littlearm)
LOAD linker stubs
LOAD c:/st/stm32cubeide_1.12.1/stm32cubeide/plugins/com.st.stm32cube.ide.mcu.externaltools.gnu-tools-for-stm32.10.3-2021.10.win32_1.0.200.202301161003/tools/bin/../lib/gcc/arm-none-eabi/10.3.1/../../../../arm-none-eabi/lib/thumb/v7-m/nofp\libc.a
LOAD c:/st/stm32cubeide_1.12.1/stm32cubeide/plugins/com.st.stm32cube.ide.mcu.externaltools.gnu-tools-for-stm32.10.3-2021.10.win32_1.0.200.202301161003/tools/bin/../lib/gcc/arm-none-eabi/10.3.1/../../../../arm-none-eabi/lib/thumb/v7-m/nofp\libm.a
LOAD c:/st/stm32cubeide_1.12.1/stm32cubeide/plugins/com.st.stm32cube.ide.mcu.externaltools.gnu-tools-for-stm32.10.3-2021.10.win32_1.0.200.202301161003/tools/bin/../lib/gcc/arm-none-eabi/10.3.1/thumb/v7-m/nofp\libgcc.a

.debug_info     0x0000000000000000     0x2262
 .debug_info    0x0000000000000000      0xcc4 ./Core/Src/main.o
 .debug_info    0x0000000000000cc4      0x156 ./Core/Src/stm32f1xx_it.o
 .debug_info    0x0000000000000e1a      0x236 ./Core/Src/system_stm32f1xx.o
 .debug_info    0x0000000000001050       0x22 ./Core/Startup/startup_stm32f103c8tx.o
 .debug_info    0x0000000000001072      0x5f8 ./Drivers/STM32F1xx_HAL_Driver/Src/stm32f1xx_ll_gpio.o
 .debug_info    0x000000000000166a      0x827 ./Drivers/STM32F1xx_HAL_Driver/Src/stm32f1xx_ll_utils.o
 .debug_info    0x0000000000001e91      0x3d1 ./module_led/led_module.o

.debug_abbrev   0x0000000000000000      0x9f5
 .debug_abbrev  0x0000000000000000      0x2bc ./Core/Src/main.o
 .debug_abbrev  0x00000000000002bc       0x80 ./Core/Src/stm32f1xx_it.o
 .debug_abbrev  0x000000000000033c      0x13b ./Core/Src/system_stm32f1xx.o
 .debug_abbrev  0x0000000000000477       0x12 ./Core/Startup/startup_stm32f103c8tx.o
 .debug_abbrev  0x0000000000000489      0x1fa ./Drivers/STM32F1xx_HAL_Driver/Src/stm32f1xx_ll_gpio.o
 .debug_abbrev  0x0000000000000683      0x248 ./Drivers/STM32F1xx_HAL_Driver/Src/stm32f1xx_ll_utils.o
 .debug_abbrev  0x00000000000008cb      0x12a ./module_led/led_module.o

.debug_aranges  0x0000000000000000      0x318
 .debug_aranges
                0x0000000000000000       0xd8 ./Core/Src/main.o
 .debug_aranges
                0x00000000000000d8       0x60 ./Core/Src/stm32f1xx_it.o
 .debug_aranges
                0x0000000000000138       0x28 ./Core/Src/system_stm32f1xx.o
 .debug_aranges
                0x0000000000000160       0x28 ./Core/Startup/startup_stm32f103c8tx.o
 .debug_aranges
                0x0000000000000188       0x60 ./Drivers/STM32F1xx_HAL_Driver/Src/stm32f1xx_ll_gpio.o
 .debug_aranges
                0x00000000000001e8       0xf8 ./Drivers/STM32F1xx_HAL_Driver/Src/stm32f1xx_ll_utils.o
 .debug_aranges
                0x00000000000002e0       0x38 ./module_led/led_module.o

.debug_ranges   0x0000000000000000      0x2b0
 .debug_ranges  0x0000000000000000       0xc8 ./Core/Src/main.o
 .debug_ranges  0x00000000000000c8       0x50 ./Core/Src/stm32f1xx_it.o
 .debug_ranges  0x0000000000000118       0x18 ./Core/Src/system_stm32f1xx.o
 .debug_ranges  0x0000000000000130       0x20 ./Core/Startup/startup_stm32f103c8tx.o
 .debug_ranges  0x0000000000000150       0x50 ./Drivers/STM32F1xx_HAL_Driver/Src/stm32f1xx_ll_gpio.o
 .debug_ranges  0x00000000000001a0       0xe8 ./Drivers/STM32F1xx_HAL_Driver/Src/stm32f1xx_ll_utils.o
 .debug_ranges  0x0000000000000288       0x28 ./module_led/led_module.o

.debug_macro    0x0000000000000000    0x111a9
 .debug_macro   0x0000000000000000      0x12b ./Core/Src/main.o
 .debug_macro   0x000000000000012b      0xa9c ./Core/Src/main.o
 .debug_macro   0x0000000000000bc7       0x2e ./Core/Src/main.o
 .debug_macro   0x0000000000000bf5       0x22 ./Core/Src/main.o
 .debug_macro   0x0000000000000c17       0x22 ./Core/Src/main.o
 .debug_macro   0x0000000000000c39       0x8e ./Core/Src/main.o
 .debug_macro   0x0000000000000cc7       0x51 ./Core/Src/main.o
 .debug_macro   0x0000000000000d18      0x103 ./Core/Src/main.o
 .debug_macro   0x0000000000000e1b       0x6a ./Core/Src/main.o
 .debug_macro   0x0000000000000e85      0x1df ./Core/Src/main.o
 .debug_macro   0x0000000000001064       0x1c ./Core/Src/main.o
 .debug_macro   0x0000000000001080       0x22 ./Core/Src/main.o
 .debug_macro   0x00000000000010a2       0xbd ./Core/Src/main.o
 .debug_macro   0x000000000000115f      0xd23 ./Core/Src/main.o
 .debug_macro   0x0000000000001e82     0xe09e ./Core/Src/main.o
 .debug_macro   0x000000000000ff20       0x6d ./Core/Src/main.o
 .debug_macro   0x000000000000ff8d      0x2b8 ./Core/Src/main.o
 .debug_macro   0x0000000000010245       0xd7 ./Core/Src/main.o
 .debug_macro   0x000000000001031c       0x74 ./Core/Src/main.o
 .debug_macro   0x0000000000010390       0xd0 ./Core/Src/main.o
 .debug_macro   0x0000000000010460       0x28 ./Core/Src/main.o
 .debug_macro   0x0000000000010488       0x2a ./Core/Src/main.o
 .debug_macro   0x00000000000104b2       0x90 ./Core/Src/main.o
 .debug_macro   0x0000000000010542      0x287 ./Core/Src/main.o
 .debug_macro   0x00000000000107c9      0x229 ./Core/Src/main.o
 .debug_macro   0x00000000000109f2       0x3a ./Core/Src/main.o
 .debug_macro   0x0000000000010a2c       0x16 ./Core/Src/main.o
 .debug_macro   0x0000000000010a42      0x12c ./Core/Src/stm32f1xx_it.o
 .debug_macro   0x0000000000010b6e       0xbc ./Core/Src/system_stm32f1xx.o
 .debug_macro   0x0000000000010c2a       0xf8 ./Drivers/STM32F1xx_HAL_Driver/Src/stm32f1xx_ll_gpio.o
 .debug_macro   0x0000000000010d22      0x223 ./Drivers/STM32F1xx_HAL_Driver/Src/stm32f1xx_ll_gpio.o
 .debug_macro   0x0000000000010f45      0x139 ./Drivers/STM32F1xx_HAL_Driver/Src/stm32f1xx_ll_utils.o
 .debug_macro   0x000000000001107e      0x12b ./module_led/led_module.o

.debug_line     0x0000000000000000     0x2b65
 .debug_line    0x0000000000000000      0x955 ./Core/Src/main.o
 .debug_line    0x0000000000000955      0x61c ./Core/Src/stm32f1xx_it.o
 .debug_line    0x0000000000000f71      0x4dd ./Core/Src/system_stm32f1xx.o
 .debug_line    0x000000000000144e       0x86 ./Core/Startup/startup_stm32f103c8tx.o
 .debug_line    0x00000000000014d4      0x6e5 ./Drivers/STM32F1xx_HAL_Driver/Src/stm32f1xx_ll_gpio.o
 .debug_line    0x0000000000001bb9      0x8f9 ./Drivers/STM32F1xx_HAL_Driver/Src/stm32f1xx_ll_utils.o
 .debug_line    0x00000000000024b2      0x6b3 ./module_led/led_module.o

.debug_str      0x0000000000000000    0x5a102
 .debug_str     0x0000000000000000    0x59086 ./Core/Src/main.o
                                      0x593b0 (size before relaxing)
 .debug_str     0x0000000000059086       0xbd ./Core/Src/stm32f1xx_it.o
                                      0x58c5b (size before relaxing)
 .debug_str     0x0000000000059143       0x74 ./Core/Src/system_stm32f1xx.o
                                      0x54646 (size before relaxing)
 .debug_str     0x00000000000591b7       0x36 ./Core/Startup/startup_stm32f103c8tx.o
                                         0x64 (size before relaxing)
 .debug_str     0x00000000000591ed      0x405 ./Drivers/STM32F1xx_HAL_Driver/Src/stm32f1xx_ll_gpio.o
                                      0x55f89 (size before relaxing)
 .debug_str     0x00000000000595f2      0xade ./Drivers/STM32F1xx_HAL_Driver/Src/stm32f1xx_ll_utils.o
                                      0x56805 (size before relaxing)
 .debug_str     0x000000000005a0d0       0x32 ./module_led/led_module.o
                                      0x58cd5 (size before relaxing)

.comment        0x0000000000000000       0x50
 .comment       0x0000000000000000       0x50 ./Core/Src/main.o
                                         0x51 (size before relaxing)
 .comment       0x0000000000000050       0x51 ./Core/Src/stm32f1xx_it.o
 .comment       0x0000000000000050       0x51 ./Core/Src/system_stm32f1xx.o
 .comment       0x0000000000000050       0x51 ./Drivers/STM32F1xx_HAL_Driver/Src/stm32f1xx_ll_gpio.o
 .comment       0x0000000000000050       0x51 ./Drivers/STM32F1xx_HAL_Driver/Src/stm32f1xx_ll_utils.o
 .comment       0x0000000000000050       0x51 ./module_led/led_module.o

.debug_frame    0x0000000000000000      0xaf4
 .debug_frame   0x0000000000000000      0x364 ./Core/Src/main.o
 .debug_frame   0x0000000000000364      0x108 ./Core/Src/stm32f1xx_it.o
 .debug_frame   0x000000000000046c       0x58 ./Core/Src/system_stm32f1xx.o
 .debug_frame   0x00000000000004c4      0x170 ./Drivers/STM32F1xx_HAL_Driver/Src/stm32f1xx_ll_gpio.o
 .debug_frame   0x0000000000000634      0x400 ./Drivers/STM32F1xx_HAL_Driver/Src/stm32f1xx_ll_utils.o
 .debug_frame   0x0000000000000a34       0x94 ./module_led/led_module.o
 .debug_frame   0x0000000000000ac8       0x2c c:/st/stm32cubeide_1.12.1/stm32cubeide/plugins/com.st.stm32cube.ide.mcu.externaltools.gnu-tools-for-stm32.10.3-2021.10.win32_1.0.200.202301161003/tools/bin/../lib/gcc/arm-none-eabi/10.3.1/../../../../arm-none-eabi/lib/thumb/v7-m/nofp\libc_nano.a(lib_a-init.o)
