../Drivers/STM32F1xx_HAL_Driver/Src/stm32f1xx_ll_utils.c:195:6:LL_Init1msTick	0	static
../Drivers/STM32F1xx_HAL_Driver/Src/stm32f1xx_ll_utils.c:211:6:LL_mDelay	8	static
../Drivers/STM32F1xx_HAL_Driver/Src/stm32f1xx_ll_utils.c:269:6:LL_SetSystemCoreClock	0	static
../Drivers/STM32F1xx_HAL_Driver/Src/stm32f1xx_ll_utils.c:284:13:LL_SetFlashLatency	0	static
../Drivers/STM32F1xx_HAL_Driver/Src/stm32f1xx_ll_utils.c:680:20:UTILS_EnablePLLAndSwitchSystem	24	static
../Drivers/STM32F1xx_HAL_Driver/Src/stm32f1xx_ll_utils.c:364:13:LL_PLL_ConfigSystemClock_HSI	0	static
../Drivers/STM32F1xx_HAL_Driver/Src/stm32f1xx_ll_utils.c:429:13:LL_PLL_ConfigSystemClock_HSE	16	static
